02:09:03 **** Incremental Build of configuration Debug for project 001_helloworld ****
make -j12 all 
arm-none-eabi-gcc "../Src/main.c" -mcpu=cortex-m4 -std=gnu11 -g3 -DDEBUG -DSTM32 -DSTM32F407G_DISC1 -DSTM32F4 -DSTM32F407VGTx -c -I../Inc -O0 -ffunction-sections -fdata-sections -Wall -fstack-usage -MMD -MP -MF"Src/main.d" -MT"Src/main.o" --specs=nano.specs -mfloat-abi=soft -mthumb -o "Src/main.o"
arm-none-eabi-gcc -o "001_helloworld.elf" @"objects.list"   -mcpu=cortex-m4 -T"C:\STM32\MCU1_course\mcu_1\001_helloworld\STM32F407VGTX_FLASH.ld" --specs=nosys.specs -Wl,-Map="001_helloworld.map" -Wl,--gc-sections -static --specs=nano.specs -mfloat-abi=soft -mthumb -Wl,--start-group -lc -lm -Wl,--end-group
Finished building target: 001_helloworld.elf
 
arm-none-eabi-objdump -h -S  001_helloworld.elf  > "001_helloworld.list"
arm-none-eabi-objcopy  -O binary  001_helloworld.elf  "001_helloworld.bin"
arm-none-eabi-size   001_helloworld.elf 
   text	   data	    bss	    dec	    hex	filename
   5504	    108	   1596	   7208	   1c28	001_helloworld.elf
Finished building: default.size.stdout
 
Finished building: 001_helloworld.bin
Finished building: 001_helloworld.list
 
 

02:09:04 Build Finished. 0 errors, 0 warnings. (took 931ms)

