04:09:34 **** Build of configuration Debug for project 005_HSI_Measurement ****
make -j12 all 
arm-none-eabi-gcc -mcpu=cortex-m4 -g3 -c -x assembler-with-cpp -MMD -MP -MF"Startup/startup_stm32f407vgtx.d" -MT"Startup/startup_stm32f407vgtx.o" --specs=nano.specs -mfpu=fpv4-sp-d16 -mfloat-abi=hard -mthumb -o "Startup/startup_stm32f407vgtx.o" "../Startup/startup_stm32f407vgtx.s"
arm-none-eabi-gcc "../Src/main.c" -mcpu=cortex-m4 -std=gnu11 -g3 -DDEBUG -DSTM32 -DSTM32F4 -DSTM32F407VGTx -c -I../Inc -O0 -ffunction-sections -fdata-sections -Wall -fstack-usage -MMD -MP -MF"Src/main.d" -MT"Src/main.o" --specs=nano.specs -mfpu=fpv4-sp-d16 -mfloat-abi=hard -mthumb -o "Src/main.o"
arm-none-eabi-gcc "../Src/syscalls.c" -mcpu=cortex-m4 -std=gnu11 -g3 -DDEBUG -DSTM32 -DSTM32F4 -DSTM32F407VGTx -c -I../Inc -O0 -ffunction-sections -fdata-sections -Wall -fstack-usage -MMD -MP -MF"Src/syscalls.d" -MT"Src/syscalls.o" --specs=nano.specs -mfpu=fpv4-sp-d16 -mfloat-abi=hard -mthumb -o "Src/syscalls.o"
arm-none-eabi-gcc "../Src/sysmem.c" -mcpu=cortex-m4 -std=gnu11 -g3 -DDEBUG -DSTM32 -DSTM32F4 -DSTM32F407VGTx -c -I../Inc -O0 -ffunction-sections -fdata-sections -Wall -fstack-usage -MMD -MP -MF"Src/sysmem.d" -MT"Src/sysmem.o" --specs=nano.specs -mfpu=fpv4-sp-d16 -mfloat-abi=hard -mthumb -o "Src/sysmem.o"
arm-none-eabi-gcc -o "005_HSI_Measurement.elf" @"objects.list"   -mcpu=cortex-m4 -T"C:\STM32\MCU1_course\mcu_1\005_HSI_Measurement\STM32F407VGTX_FLASH.ld" --specs=nosys.specs -Wl,-Map="005_HSI_Measurement.map" -Wl,--gc-sections -static --specs=nano.specs -mfpu=fpv4-sp-d16 -mfloat-abi=hard -mthumb -Wl,--start-group -lc -lm -Wl,--end-group
Finished building target: 005_HSI_Measurement.elf
 
arm-none-eabi-size   005_HSI_Measurement.elf 
arm-none-eabi-objdump -h -S  005_HSI_Measurement.elf  > "005_HSI_Measurement.list"
arm-none-eabi-objcopy  -O binary  005_HSI_Measurement.elf  "005_HSI_Measurement.bin"
   text	   data	    bss	    dec	    hex	filename
    792	      8	   1568	   2368	    940	005_HSI_Measurement.elf
Finished building: default.size.stdout
 
Finished building: 005_HSI_Measurement.list
Finished building: 005_HSI_Measurement.bin
 
 
04:09:47 **** Incremental Build of configuration Debug for project 005_HSI_Measurement ****
make -j12 all 
arm-none-eabi-size   005_HSI_Measurement.elf 
   text	   data	    bss	    dec	    hex	filename
    792	      8	   1568	   2368	    940	005_HSI_Measurement.elf
Finished building: default.size.stdout
 
13:32:47 **** Incremental Build of configuration Debug for project 002SampleApp ****
make -j12 all 
arm-none-eabi-size   002SampleApp.elf 
   text	   data	    bss	    dec	    hex	filename
   6608	    180	   1596	   8384	   20c0	002SampleApp.elf
Finished building: default.size.stdout
 
